19:35:23 **** Incremental Build of configuration Debug for project main ****
make all 
'Building target: main.elf'
'Invoking: MicroBlaze gcc linker'
mb-gcc -Wl,-T -Wl,../src/lscript.ld -L../../standalone_bsp_0/microblaze_0/lib -mlittle-endian -mxl-barrel-shift -mxl-pattern-compare -mno-xl-soft-div -mcpu=v9.5 -mno-xl-soft-mul -mxl-multiply-high -mhard-float -mxl-float-convert -mxl-float-sqrt -Wl,--no-relax -o "main.elf"  ./src/main.o ./src/memory_config_g.o ./src/platform.o   -Wl,--start-group,-lxil,-lgcc,-lc,--end-group
'Finished building target: main.elf'
' '
'Invoking: MicroBlaze Print Size'
mb-size main.elf  |tee "main.elf.size"
   text	   data	    bss	    dec	    hex	filename
  22316	    560	   1756	  24632	   6038	main.elf
'Finished building: main.elf.size'
' '
19:35:33 **** Incremental Build of configuration Debug for project main ****
make all 
make: Nothing to be done for `all'.
19:36:56 **** Auto Build of configuration Debug for project main ****
make all 
'Building file: ../src/main.c'
'Invoking: MicroBlaze gcc compiler'
mb-gcc -Wall -O0 -g3 -c -fmessage-length=0 -MT"src/main.o" -I../../standalone_bsp_0/microblaze_0/include -mlittle-endian -mxl-barrel-shift -mxl-pattern-compare -mno-xl-soft-div -mcpu=v9.5 -mno-xl-soft-mul -mxl-multiply-high -mhard-float -mxl-float-convert -mxl-float-sqrt -Wl,--no-relax -MMD -MP -MF"src/main.d" -MT"src/main.d" -o "src/main.o" "../src/main.c"
'Finished building: ../src/main.c'
' '
'Building target: main.elf'
'Invoking: MicroBlaze gcc linker'
mb-gcc -Wl,-T -Wl,../src/lscript.ld -L../../standalone_bsp_0/microblaze_0/lib -mlittle-endian -mxl-barrel-shift -mxl-pattern-compare -mno-xl-soft-div -mcpu=v9.5 -mno-xl-soft-mul -mxl-multiply-high -mhard-float -mxl-float-convert -mxl-float-sqrt -Wl,--no-relax -o "main.elf"  ./src/main.o ./src/memory_config_g.o ./src/platform.o   -Wl,--start-group,-lxil,-lgcc,-lc,--end-group
'Finished building target: main.elf'
' '
'Invoking: MicroBlaze Print Size'
mb-size main.elf  |tee "main.elf.size"
   text	   data	    bss	    dec	    hex	filename
  22312	    560	   1752	  24624	   6030	main.elf
'Finished building: main.elf.size'
' '
19:38:16 **** Incremental Build of configuration Debug for project main ****
make all 
make: Nothing to be done for `all'.
19:41:44 **** Auto Build of configuration Debug for project main ****
make all 
'Building file: ../src/main.c'
'Invoking: MicroBlaze gcc compiler'
mb-gcc -Wall -O0 -g3 -c -fmessage-length=0 -MT"src/main.o" -I../../standalone_bsp_0/microblaze_0/include -mlittle-endian -mxl-barrel-shift -mxl-pattern-compare -mno-xl-soft-div -mcpu=v9.5 -mno-xl-soft-mul -mxl-multiply-high -mhard-float -mxl-float-convert -mxl-float-sqrt -Wl,--no-relax -MMD -MP -MF"src/main.d" -MT"src/main.d" -o "src/main.o" "../src/main.c"
'Finished building: ../src/main.c'
' '
'Building target: main.elf'
'Invoking: MicroBlaze gcc linker'
mb-gcc -Wl,-T -Wl,../src/lscript.ld -L../../standalone_bsp_0/microblaze_0/lib -mlittle-endian -mxl-barrel-shift -mxl-pattern-compare -mno-xl-soft-div -mcpu=v9.5 -mno-xl-soft-mul -mxl-multiply-high -mhard-float -mxl-float-convert -mxl-float-sqrt -Wl,--no-relax -o "main.elf"  ./src/main.o ./src/memory_config_g.o ./src/platform.o   -Wl,--start-group,-lxil,-lgcc,-lc,--end-group
'Finished building target: main.elf'
' '
'Invoking: MicroBlaze Print Size'
mb-size main.elf  |tee "main.elf.size"
   text	   data	    bss	    dec	    hex	filename
  22372	    560	   1756	  24688	   6070	main.elf
'Finished building: main.elf.size'
' '
19:41:46 **** Incremental Build of configuration Debug for project main ****
make all 
make: Nothing to be done for `all'.
19:41:53 **** Auto Build of configuration Debug for project main ****
make all 
'Building file: ../src/main.c'
'Invoking: MicroBlaze gcc compiler'
mb-gcc -Wall -O0 -g3 -c -fmessage-length=0 -MT"src/main.o" -I../../standalone_bsp_0/microblaze_0/include -mlittle-endian -mxl-barrel-shift -mxl-pattern-compare -mno-xl-soft-div -mcpu=v9.5 -mno-xl-soft-mul -mxl-multiply-high -mhard-float -mxl-float-convert -mxl-float-sqrt -Wl,--no-relax -MMD -MP -MF"src/main.d" -MT"src/main.d" -o "src/main.o" "../src/main.c"
'Finished building: ../src/main.c'
' '
'Building target: main.elf'
'Invoking: MicroBlaze gcc linker'
mb-gcc -Wl,-T -Wl,../src/lscript.ld -L../../standalone_bsp_0/microblaze_0/lib -mlittle-endian -mxl-barrel-shift -mxl-pattern-compare -mno-xl-soft-div -mcpu=v9.5 -mno-xl-soft-mul -mxl-multiply-high -mhard-float -mxl-float-convert -mxl-float-sqrt -Wl,--no-relax -o "main.elf"  ./src/main.o ./src/memory_config_g.o ./src/platform.o   -Wl,--start-group,-lxil,-lgcc,-lc,--end-group
'Finished building target: main.elf'
' '
'Invoking: MicroBlaze Print Size'
mb-size main.elf  |tee "main.elf.size"
   text	   data	    bss	    dec	    hex	filename
  22372	    560	   1756	  24688	   6070	main.elf
'Finished building: main.elf.size'
' '
19:42:15 **** Auto Build of configuration Debug for project main ****
make all 
'Building file: ../src/main.c'
'Invoking: MicroBlaze gcc compiler'
mb-gcc -Wall -O0 -g3 -c -fmessage-length=0 -MT"src/main.o" -I../../standalone_bsp_0/microblaze_0/include -mlittle-endian -mxl-barrel-shift -mxl-pattern-compare -mno-xl-soft-div -mcpu=v9.5 -mno-xl-soft-mul -mxl-multiply-high -mhard-float -mxl-float-convert -mxl-float-sqrt -Wl,--no-relax -MMD -MP -MF"src/main.d" -MT"src/main.d" -o "src/main.o" "../src/main.c"
'Finished building: ../src/main.c'
' '
'Building target: main.elf'
'Invoking: MicroBlaze gcc linker'
mb-gcc -Wl,-T -Wl,../src/lscript.ld -L../../standalone_bsp_0/microblaze_0/lib -mlittle-endian -mxl-barrel-shift -mxl-pattern-compare -mno-xl-soft-div -mcpu=v9.5 -mno-xl-soft-mul -mxl-multiply-high -mhard-float -mxl-float-convert -mxl-float-sqrt -Wl,--no-relax -o "main.elf"  ./src/main.o ./src/memory_config_g.o ./src/platform.o   -Wl,--start-group,-lxil,-lgcc,-lc,--end-group
'Finished building target: main.elf'
' '
'Invoking: MicroBlaze Print Size'
mb-size main.elf  |tee "main.elf.size"
   text	   data	    bss	    dec	    hex	filename
  22372	    560	   1756	  24688	   6070	main.elf
'Finished building: main.elf.size'
' '
19:42:22 **** Incremental Build of configuration Debug for project main ****
make all 
make: Nothing to be done for `all'.
19:44:39 **** Auto Build of configuration Debug for project main ****
make all 
'Building file: ../src/main.c'
'Invoking: MicroBlaze gcc compiler'
mb-gcc -Wall -O0 -g3 -c -fmessage-length=0 -MT"src/main.o" -I../../standalone_bsp_0/microblaze_0/include -mlittle-endian -mxl-barrel-shift -mxl-pattern-compare -mno-xl-soft-div -mcpu=v9.5 -mno-xl-soft-mul -mxl-multiply-high -mhard-float -mxl-float-convert -mxl-float-sqrt -Wl,--no-relax -MMD -MP -MF"src/main.d" -MT"src/main.d" -o "src/main.o" "../src/main.c"
'Finished building: ../src/main.c'
' '
'Building target: main.elf'
'Invoking: MicroBlaze gcc linker'
mb-gcc -Wl,-T -Wl,../src/lscript.ld -L../../standalone_bsp_0/microblaze_0/lib -mlittle-endian -mxl-barrel-shift -mxl-pattern-compare -mno-xl-soft-div -mcpu=v9.5 -mno-xl-soft-mul -mxl-multiply-high -mhard-float -mxl-float-convert -mxl-float-sqrt -Wl,--no-relax -o "main.elf"  ./src/main.o ./src/memory_config_g.o ./src/platform.o   -Wl,--start-group,-lxil,-lgcc,-lc,--end-group
'Finished building target: main.elf'
' '
'Invoking: MicroBlaze Print Size'
mb-size main.elf  |tee "main.elf.size"
   text	   data	    bss	    dec	    hex	filename
  22344	    560	   1752	  24656	   6050	main.elf
'Finished building: main.elf.size'
' '
19:44:43 **** Incremental Build of configuration Debug for project main ****
make all 
make: Nothing to be done for `all'.
09:52:37 **** Auto Build of configuration Debug for project main ****
make all 
'Building file: ../src/main.c'
'Invoking: MicroBlaze gcc compiler'
mb-gcc -Wall -O0 -g3 -c -fmessage-length=0 -MT"src/main.o" -I../../standalone_bsp_0/microblaze_0/include -mlittle-endian -mxl-barrel-shift -mxl-pattern-compare -mno-xl-soft-div -mcpu=v9.5 -mno-xl-soft-mul -mxl-multiply-high -mhard-float -mxl-float-convert -mxl-float-sqrt -Wl,--no-relax -MMD -MP -MF"src/main.d" -MT"src/main.d" -o "src/main.o" "../src/main.c"
'Finished building: ../src/main.c'
' '
'Building target: main.elf'
'Invoking: MicroBlaze gcc linker'
mb-gcc -Wl,-T -Wl,../src/lscript.ld -L../../standalone_bsp_0/microblaze_0/lib -mlittle-endian -mxl-barrel-shift -mxl-pattern-compare -mno-xl-soft-div -mcpu=v9.5 -mno-xl-soft-mul -mxl-multiply-high -mhard-float -mxl-float-convert -mxl-float-sqrt -Wl,--no-relax -o "main.elf"  ./src/main.o ./src/memory_config_g.o ./src/platform.o   -Wl,--start-group,-lxil,-lgcc,-lc,--end-group
'Finished building target: main.elf'
' '
'Invoking: MicroBlaze Print Size'
mb-size main.elf  |tee "main.elf.size"
   text	   data	    bss	    dec	    hex	filename
  22344	    560	   1752	  24656	   6050	main.elf
'Finished building: main.elf.size'
' '
09:52:44 **** Incremental Build of configuration Debug for project main ****
make all 
make: Nothing to be done for `all'.
10:04:46 **** Incremental Build of configuration Debug for project main ****
make all 
make: Nothing to be done for `all'.
10:04:59 **** Incremental Build of configuration Debug for project main ****
make all 
make: Nothing to be done for `all'.
10:06:15 **** Auto Build of configuration Debug for project main ****
make all 
'Building file: ../src/main.c'
'Invoking: MicroBlaze gcc compiler'
mb-gcc -Wall -O0 -g3 -c -fmessage-length=0 -MT"src/main.o" -I../../standalone_bsp_0/microblaze_0/include -mlittle-endian -mxl-barrel-shift -mxl-pattern-compare -mno-xl-soft-div -mcpu=v9.5 -mno-xl-soft-mul -mxl-multiply-high -mhard-float -mxl-float-convert -mxl-float-sqrt -Wl,--no-relax -MMD -MP -MF"src/main.d" -MT"src/main.d" -o "src/main.o" "../src/main.c"
'Finished building: ../src/main.c'
' '
'Building target: main.elf'
'Invoking: MicroBlaze gcc linker'
mb-gcc -Wl,-T -Wl,../src/lscript.ld -L../../standalone_bsp_0/microblaze_0/lib -mlittle-endian -mxl-barrel-shift -mxl-pattern-compare -mno-xl-soft-div -mcpu=v9.5 -mno-xl-soft-mul -mxl-multiply-high -mhard-float -mxl-float-convert -mxl-float-sqrt -Wl,--no-relax -o "main.elf"  ./src/main.o ./src/memory_config_g.o ./src/platform.o   -Wl,--start-group,-lxil,-lgcc,-lc,--end-group
'Finished building target: main.elf'
' '
'Invoking: MicroBlaze Print Size'
mb-size main.elf  |tee "main.elf.size"
   text	   data	    bss	    dec	    hex	filename
  22344	    560	   1752	  24656	   6050	main.elf
'Finished building: main.elf.size'
' '
10:06:21 **** Incremental Build of configuration Debug for project main ****
make all 
make: Nothing to be done for `all'.
10:06:25 **** Incremental Build of configuration Debug for project main ****
make all 
make: Nothing to be done for `all'.
10:07:07 **** Incremental Build of configuration Debug for project main ****
make all 
make: Nothing to be done for `all'.
10:07:48 **** Incremental Build of configuration Debug for project main ****
make all 
make: Nothing to be done for `all'.
10:17:45 **** Auto Build of configuration Debug for project main ****
make all 
'Building file: ../src/main.c'
'Invoking: MicroBlaze gcc compiler'
mb-gcc -Wall -O0 -g3 -c -fmessage-length=0 -MT"src/main.o" -I../../standalone_bsp_0/microblaze_0/include -mlittle-endian -mxl-barrel-shift -mxl-pattern-compare -mno-xl-soft-div -mcpu=v9.5 -mno-xl-soft-mul -mxl-multiply-high -mhard-float -mxl-float-convert -mxl-float-sqrt -Wl,--no-relax -MMD -MP -MF"src/main.d" -MT"src/main.d" -o "src/main.o" "../src/main.c"
'Finished building: ../src/main.c'
' '
'Building target: main.elf'
'Invoking: MicroBlaze gcc linker'
mb-gcc -Wl,-T -Wl,../src/lscript.ld -L../../standalone_bsp_0/microblaze_0/lib -mlittle-endian -mxl-barrel-shift -mxl-pattern-compare -mno-xl-soft-div -mcpu=v9.5 -mno-xl-soft-mul -mxl-multiply-high -mhard-float -mxl-float-convert -mxl-float-sqrt -Wl,--no-relax -o "main.elf"  ./src/main.o ./src/memory_config_g.o ./src/platform.o   -Wl,--start-group,-lxil,-lgcc,-lc,--end-group
'Finished building target: main.elf'
' '
'Invoking: MicroBlaze Print Size'
mb-size main.elf  |tee "main.elf.size"
   text	   data	    bss	    dec	    hex	filename
  22344	    560	   1752	  24656	   6050	main.elf
'Finished building: main.elf.size'
' '
10:17:48 **** Incremental Build of configuration Debug for project main ****
make all 
make: Nothing to be done for `all'.
10:32:43 **** Auto Build of configuration Debug for project main ****
make all 
'Building file: ../src/main.c'
'Invoking: MicroBlaze gcc compiler'
mb-gcc -Wall -O0 -g3 -c -fmessage-length=0 -MT"src/main.o" -I../../standalone_bsp_0/microblaze_0/include -mlittle-endian -mxl-barrel-shift -mxl-pattern-compare -mno-xl-soft-div -mcpu=v9.5 -mno-xl-soft-mul -mxl-multiply-high -mhard-float -mxl-float-convert -mxl-float-sqrt -Wl,--no-relax -MMD -MP -MF"src/main.d" -MT"src/main.d" -o "src/main.o" "../src/main.c"
'Finished building: ../src/main.c'
' '
'Building target: main.elf'
'Invoking: MicroBlaze gcc linker'
mb-gcc -Wl,-T -Wl,../src/lscript.ld -L../../standalone_bsp_0/microblaze_0/lib -mlittle-endian -mxl-barrel-shift -mxl-pattern-compare -mno-xl-soft-div -mcpu=v9.5 -mno-xl-soft-mul -mxl-multiply-high -mhard-float -mxl-float-convert -mxl-float-sqrt -Wl,--no-relax -o "main.elf"  ./src/main.o ./src/memory_config_g.o ./src/platform.o   -Wl,--start-group,-lxil,-lgcc,-lc,--end-group
'Finished building target: main.elf'
' '
'Invoking: MicroBlaze Print Size'
mb-size main.elf  |tee "main.elf.size"
   text	   data	    bss	    dec	    hex	filename
  22344	    560	   1752	  24656	   6050	main.elf
'Finished building: main.elf.size'
' '
10:32:48 **** Incremental Build of configuration Debug for project main ****
make all 
make: Nothing to be done for `all'.
10:35:41 **** Auto Build of configuration Debug for project main ****
make all 
'Building file: ../src/main.c'
'Invoking: MicroBlaze gcc compiler'
mb-gcc -Wall -O0 -g3 -c -fmessage-length=0 -MT"src/main.o" -I../../standalone_bsp_0/microblaze_0/include -mlittle-endian -mxl-barrel-shift -mxl-pattern-compare -mno-xl-soft-div -mcpu=v9.5 -mno-xl-soft-mul -mxl-multiply-high -mhard-float -mxl-float-convert -mxl-float-sqrt -Wl,--no-relax -MMD -MP -MF"src/main.d" -MT"src/main.d" -o "src/main.o" "../src/main.c"
'Finished building: ../src/main.c'
' '
'Building target: main.elf'
'Invoking: MicroBlaze gcc linker'
mb-gcc -Wl,-T -Wl,../src/lscript.ld -L../../standalone_bsp_0/microblaze_0/lib -mlittle-endian -mxl-barrel-shift -mxl-pattern-compare -mno-xl-soft-div -mcpu=v9.5 -mno-xl-soft-mul -mxl-multiply-high -mhard-float -mxl-float-convert -mxl-float-sqrt -Wl,--no-relax -o "main.elf"  ./src/main.o ./src/memory_config_g.o ./src/platform.o   -Wl,--start-group,-lxil,-lgcc,-lc,--end-group
'Finished building target: main.elf'
' '
'Invoking: MicroBlaze Print Size'
mb-size main.elf  |tee "main.elf.size"
   text	   data	    bss	    dec	    hex	filename
  22344	    560	   1752	  24656	   6050	main.elf
'Finished building: main.elf.size'
' '
10:36:09 **** Incremental Build of configuration Debug for project main ****
make all 
make: Nothing to be done for `all'.
